// Jest Snapshot v1, https://goo.gl/fbAQLP

exports[`ExampleMergeSagaContainer ExampleMergeSagaContainer can render with redux 1`] = `
<DocumentFragment>
  <div>
    <h1
      class="bp3-heading"
    >
      Example Merge Saga Container
    </h1>
    <p>
      Showcase using a custom mergeSaga to seed form fields from a network request.
    </p>
    <div
      class="bp3-button-group"
    >
      <button
        class="bp3-button bp3-intent-primary"
        type="button"
      >
        <span
          class="bp3-button-text"
        >
          Seed Fields
        </span>
      </button>
      <button
        class="bp3-button bp3-intent-primary"
        type="button"
      >
        <span
          class="bp3-button-text"
        >
          Fail to Seed Fields
        </span>
      </button>
    </div>
    <div
      class="bp3-form-group"
    >
      <div
        class="bp3-form-content"
      >
        <div
          class="bp3-input-group"
        >
          <input
            class="bp3-input"
            id="text-input"
            placeholder="alpha"
            style="padding-right: 10px;"
            type="text"
            value=""
          />
        </div>
        <div
          class="bp3-input-group"
        >
          <input
            class="bp3-input"
            id="text-input"
            placeholder="bravo"
            style="padding-right: 10px;"
            type="text"
            value=""
          />
        </div>
        <div
          class="bp3-input-group"
        >
          <input
            class="bp3-input"
            id="text-input"
            placeholder="charlie"
            style="padding-right: 10px;"
            type="text"
            value=""
          />
        </div>
        <div
          class="bp3-input-group"
        >
          <input
            class="bp3-input"
            id="text-input"
            placeholder="delta"
            style="padding-right: 10px;"
            type="text"
            value=""
          />
        </div>
        <div
          class="bp3-input-group"
        >
          <input
            class="bp3-input"
            id="text-input"
            placeholder="echo"
            style="padding-right: 10px;"
            type="text"
            value=""
          />
        </div>
        <div
          class="bp3-input-group"
        >
          <input
            class="bp3-input"
            id="text-input"
            placeholder="foxtrot"
            style="padding-right: 10px;"
            type="text"
            value=""
          />
        </div>
        <div
          class="bp3-input-group"
        >
          <input
            class="bp3-input"
            id="text-input"
            placeholder="gary"
            style="padding-right: 10px;"
            type="text"
            value=""
          />
        </div>
      </div>
    </div>
    <button
      class="bp3-button bp3-intent-primary"
      type="button"
    >
      <span
        class="bp3-button-text"
      >
        Submit Form
      </span>
    </button>
    <pre
      class="bp3-code-block"
    >
      submit form POST payload: ""
    </pre>
  </div>
</DocumentFragment>
`;
