// Jest Snapshot v1, https://goo.gl/fbAQLP

exports[`HowToComponent HowToComponent can render 1`] = `
<DocumentFragment>
  <div>
    <h1
      class="bp4-heading"
    >
      Redux Powered Containers
    </h1>
    <p>
      There are examples below of forms, networks, buttons, tables, and other UI you will find helpful in building your Misk-Web tab. If you're looking for a way to test network functionality, HttpBin.org has a helpful echo Docker container that will do the trick.
    </p>
    <ol>
      <li>
        <code>
          $ docker run -p 1080:80 kennethreitz/httpbin
        </code>
      </li>
      <li>
        Use 
        <code>
          http://localhost:1080/anything
        </code>
         as your URL for any URL requests below
      </li>
    </ol>
    <h3
      class="bp4-heading"
    >
      Good luck building on Misk-Web! See the 
      <a
        href="https://cashapp.github.io/misk-web/"
      >
        docs
      </a>
       or 
      <a
        href="https://github.com/cashapp/misk-web"
      >
        repo
      </a>
       to learn more.
    </h3>
  </div>
</DocumentFragment>
`;
