// Jest Snapshot v1, https://goo.gl/fbAQLP

exports[`Table Heading Heading can render 1`] = `
<DocumentFragment>
  <thead>
    <tr>
      <th />
      <th>
        id
      </th>
      <th>
        make
      </th>
      <th>
        model
      </th>
      <th>
        model_year
      </th>
      <th>
        quantity
      </th>
      <th>
        price
      </th>
      <th>
        slogan
      </th>
      <th>
        latitude
      </th>
      <th>
        longitude
      </th>
      <th>
        manufactured_date
      </th>
      <th>
        created_at
      </th>
      <th>
        updated_at
      </th>
    </tr>
  </thead>
</DocumentFragment>
`;
