// Jest Snapshot v1, https://goo.gl/fbAQLP

exports[`Table Row Row can render 1`] = `
<DocumentFragment>
  <tr>
    <td>
      26f7ab1f-4060-497c-9a7e-a772c2bc1e50
    </td>
    <td>
      Buick
    </td>
    <td>
      LaCrosse
    </td>
    <td>
      2011
    </td>
    <td>
      41
    </td>
    <td>
      â‚¬21530,26
    </td>
    <td>
      Integrated even-keeled array
    </td>
    <td>
      41.3006835
    </td>
    <td>
      -8.4787949
    </td>
    <td>
      4/17/2018
    </td>
    <td>
      3:19:26.000
    </td>
    <td>
      6:44:28.000
    </td>
  </tr>
</DocumentFragment>
`;
