// Jest Snapshot v1, https://goo.gl/fbAQLP

exports[`components ErrorCalloutComponent can render 1`] = `
<DocumentFragment>
  <span />
</DocumentFragment>
`;

exports[`components ErrorCalloutComponent can render 2`] = `
<DocumentFragment>
  .emotion-1 {
  margin: 20px 0;
}

.emotion-0 {
  text-align: left;
}

<div
    class="bp3-callout bp3-intent-danger bp3-callout-icon emotion-1"
  >
    <span
      class="bp3-icon bp3-icon-error"
      icon="error"
    >
      <svg
        data-icon="error"
        height="20"
        viewBox="0 0 20 20"
        width="20"
      >
        <desc>
          error
        </desc>
        <path
          d="M10 0C4.48 0 0 4.48 0 10s4.48 10 10 10 10-4.48 10-10S15.52 0 10 0zm1 16H9v-2h2v2zm0-3H9V4h2v9z"
          fill-rule="evenodd"
        />
      </svg>
    </span>
    <h4
      class="bp3-heading"
    >
      [401]  Not authorized. 
    </h4>
    <pre
      class="emotion-0"
    >
      {
  "response": {
    "status": 401,
    "statusText": "Not authorized",
    "data": ""
  }
}
    </pre>
  </div>
</DocumentFragment>
`;
