// Jest Snapshot v1, https://goo.gl/fbAQLP

exports[`components OfflineComponent can render 1`] = `
<DocumentFragment>
  <div>
    <div
      class="bp4-non-ideal-state bp4-non-ideal-state-vertical"
    >
      <div
        class="bp4-non-ideal-state-visual"
        style="font-size: 48px; line-height: 48px;"
      >
        <span
          aria-hidden="true"
          class="bp4-icon bp4-icon-offline"
          icon="offline"
          tabindex="-1"
        >
          <svg
            data-icon="offline"
            height="48"
            role="img"
            viewBox="0 0 20 20"
            width="48"
          >
            <path
              d="M10 0C4.48 0 0 4.48 0 10s4.48 10 10 10 10-4.48 10-10S15.52 0 10 0zM7 18l2-7H5l8-9-2 7h4l-8 9z"
              fill-rule="evenodd"
            />
          </svg>
        </span>
      </div>
      <div
        class="bp4-non-ideal-state-text"
      >
        <h4
          class="bp4-heading"
        >
          Loading Error
        </h4>
      </div>
      <div
        class="bp4-card bp4-elevation-0"
      >
        <h5
          class="bp4-skeleton"
        >
          Your head is not an artifact!
        </h5>
        <p
          class="bp4-skeleton"
        >
          Maybe we better talk out here; the observation lounge has turned into a swamp. Some days you get the bear, and some days the bear gets you.
        </p>
      </div>
    </div>
    <span />
  </div>
</DocumentFragment>
`;
