// Jest Snapshot v1, https://goo.gl/fbAQLP

exports[`components SidebarComponent can render 1`] = `
<DocumentFragment>
  .emotion-0 {
  position: absolute;
}

<div
    class="emotion-0"
  >
    <ul
      class="bp4-menu"
      role="menu"
    >
      <li
        class=""
        role="none"
      >
        <a
          class="bp4-menu-item bp4-popover-dismiss"
          href="/tab/alpha/"
          role="menuitem"
          tabindex="0"
        >
          <div
            class="bp4-fill bp4-text-overflow-ellipsis"
          >
            Admin :: Tab Alpha
          </div>
        </a>
      </li>
      <li
        class=""
        role="none"
      >
        <a
          class="bp4-menu-item bp4-popover-dismiss"
          href="/tab/bravo/"
          role="menuitem"
          tabindex="0"
        >
          <div
            class="bp4-fill bp4-text-overflow-ellipsis"
          >
            Extra :: Tab Bravo
          </div>
        </a>
      </li>
    </ul>
  </div>
</DocumentFragment>
`;
