// Jest Snapshot v1, https://goo.gl/fbAQLP

exports[`Navbar Component Navbar can render 1`] = `
<DocumentFragment>
  .emotion-10 {
  background-color: #29333a !important;
  padding-top: 10px !important;
  padding-bottom: 60px !important;
  position: fixed !important;
}

.emotion-2 {
  margin: 0 auto;
}

@media (min-width:768px) {
  .emotion-2 {
    width: 750px;
  }
}

@media (min-width:992px) {
  .emotion-2 {
    width: 970px;
  }
}

@media (min-width:1200px) {
  .emotion-2 {
    width: 1170px;
  }
}

.emotion-1 {
  font-size: 13px !important;
  font-weight: 600 !important;
  position: relative;
  padding-top: 25px;
  padding-bottom: 27px;
}

@media (max-width:870px) {
  .emotion-1 {
    padding-left: 60px;
  }
}

@media (min-width:992px) and (max-width:1085px) {
  .emotion-1 {
    padding-left: 60px;
  }
}

@media (min-width:1200px) and (max-width:1285px) {
  .emotion-1 {
    padding-left: 60px;
  }
}

.emotion-0 {
  font-size: 24px !important;
  -webkit-text-decoration: none;
  text-decoration: none;
  text-transform: uppercase;
  -webkit-letter-spacing: 0px;
  -moz-letter-spacing: 0px;
  -ms-letter-spacing: 0px;
  letter-spacing: 0px;
  margin-right: 30px;
  color: #cecece;
  min-width: -webkit-fit-content;
  min-width: -moz-fit-content;
  min-width: fit-content;
}

.emotion-0 a {
  color: #cecece !important;
  -webkit-letter-spacing: 1px;
  -moz-letter-spacing: 1px;
  -ms-letter-spacing: 1px;
  letter-spacing: 1px;
  -webkit-text-decoration: none;
  text-decoration: none;
}

.emotion-0 a:hover {
  color: white !important;
  -webkit-text-decoration: none;
  text-decoration: none;
}

.emotion-4 {
  background-color: #29333a !important;
  box-shadow: none !important;
  background-image: none !important;
  top: 15px;
  left: 15px;
  position: absolute;
  z-index: 1020;
}

.emotion-3 {
  color: #7a7e82 !important;
}

.emotion-3:hover {
  color: white;
}

.emotion-9 {
  background-color: #29333a;
  display: block;
  margin: 60px -20px 0 -20px;
}

.emotion-8 {
  min-height: 250px;
  padding: 50px 0px;
  overflow-y: scroll;
  max-height: 100vh;
}

@media (max-width:768px) {
  .emotion-8 {
    padding: 50px 20px;
  }
}

.emotion-6 {
  display: inline-block;
}

.emotion-5 {
  display: -webkit-box;
  display: -webkit-flex;
  display: -ms-flexbox;
  display: flex;
  -webkit-flex-direction: row;
  -ms-flex-direction: row;
  flex-direction: row;
  -webkit-flex-wrap: wrap;
  -ms-flex-wrap: wrap;
  flex-wrap: wrap;
}

.emotion-5 * {
  -webkit-box-flex: 1;
  -webkit-flex-grow: 1;
  -ms-flex-positive: 1;
  flex-grow: 1;
  overflow: hidden;
  text-overflow: ellipsis;
  white-space: nowrap;
}

<div
    class="bp3-navbar emotion-10"
  >
    <div
      class="emotion-2"
    >
      <div
        class="bp3-navbar-group bp3-align-left bp3-dark emotion-1"
      >
        <span
          class="emotion-0"
        >
          Misk
        </span>
      </div>
    </div>
    <div>
      <button
        class="bp3-button emotion-4"
        type="button"
      >
        <span
          class="bp3-button-text"
        >
          <span
            class="bp3-icon bp3-icon-menu emotion-3"
            icon="menu"
          >
            <svg
              data-icon="menu"
              height="32"
              viewBox="0 0 20 20"
              width="32"
            >
              <desc>
                menu
              </desc>
              <path
                d="M1 6h18c.55 0 1-.45 1-1s-.45-1-1-1H1c-.55 0-1 .45-1 1s.45 1 1 1zm18 3H1c-.55 0-1 .45-1 1s.45 1 1 1h18c.55 0 1-.45 1-1s-.45-1-1-1zm0 5H1c-.55 0-1 .45-1 1s.45 1 1 1h18c.55 0 1-.45 1-1s-.45-1-1-1z"
                fill-rule="evenodd"
              />
            </svg>
          </span>
        </span>
      </button>
      <div
        class="emotion-9"
      >
        <div
          class="bp3-collapse"
        >
          <div
            aria-hidden="true"
            class="bp3-collapse-body"
            style="transform: translateY(-0px);"
          >
            <div
              class="emotion-8"
            >
              <div
                class="emotion-2"
              >
                <div
                  class="emotion-6"
                >
                  <div
                    class="emotion-5"
                  >
                    <span>
                      <span />
                    </span>
                  </div>
                </div>
                <span />
              </div>
            </div>
          </div>
        </div>
      </div>
    </div>
    <div />
  </div>
</DocumentFragment>
`;

exports[`Navbar Component Navbar can render with theme override using color 1`] = `
<DocumentFragment>
  .emotion-2 {
  margin: 0 auto;
}

@media (min-width:768px) {
  .emotion-2 {
    width: 750px;
  }
}

@media (min-width:992px) {
  .emotion-2 {
    width: 970px;
  }
}

@media (min-width:1200px) {
  .emotion-2 {
    width: 1170px;
  }
}

.emotion-1 {
  font-size: 13px !important;
  font-weight: 600 !important;
  position: relative;
  padding-top: 25px;
  padding-bottom: 27px;
}

@media (max-width:870px) {
  .emotion-1 {
    padding-left: 60px;
  }
}

@media (min-width:992px) and (max-width:1085px) {
  .emotion-1 {
    padding-left: 60px;
  }
}

@media (min-width:1200px) and (max-width:1285px) {
  .emotion-1 {
    padding-left: 60px;
  }
}

.emotion-0 {
  font-size: 24px !important;
  -webkit-text-decoration: none;
  text-decoration: none;
  text-transform: uppercase;
  -webkit-letter-spacing: 0px;
  -moz-letter-spacing: 0px;
  -ms-letter-spacing: 0px;
  letter-spacing: 0px;
  margin-right: 30px;
  color: #cecece;
  min-width: -webkit-fit-content;
  min-width: -moz-fit-content;
  min-width: fit-content;
}

.emotion-0 a {
  color: #cecece !important;
  -webkit-letter-spacing: 1px;
  -moz-letter-spacing: 1px;
  -ms-letter-spacing: 1px;
  letter-spacing: 1px;
  -webkit-text-decoration: none;
  text-decoration: none;
}

.emotion-0 a:hover {
  color: white !important;
  -webkit-text-decoration: none;
  text-decoration: none;
}

.emotion-3 {
  color: #7a7e82 !important;
}

.emotion-3:hover {
  color: white;
}

.emotion-8 {
  min-height: 250px;
  padding: 50px 0px;
  overflow-y: scroll;
  max-height: 100vh;
}

@media (max-width:768px) {
  .emotion-8 {
    padding: 50px 20px;
  }
}

.emotion-6 {
  display: inline-block;
}

.emotion-5 {
  display: -webkit-box;
  display: -webkit-flex;
  display: -ms-flexbox;
  display: flex;
  -webkit-flex-direction: row;
  -ms-flex-direction: row;
  flex-direction: row;
  -webkit-flex-wrap: wrap;
  -ms-flex-wrap: wrap;
  flex-wrap: wrap;
}

.emotion-5 * {
  -webkit-box-flex: 1;
  -webkit-flex-grow: 1;
  -ms-flex-positive: 1;
  flex-grow: 1;
  overflow: hidden;
  text-overflow: ellipsis;
  white-space: nowrap;
}

.emotion-10 {
  background-color: #7250a1 !important;
  padding-top: 10px !important;
  padding-bottom: 60px !important;
  position: fixed !important;
}

.emotion-4 {
  background-color: #7250a1 !important;
  box-shadow: none !important;
  background-image: none !important;
  top: 15px;
  left: 15px;
  position: absolute;
  z-index: 1020;
}

.emotion-9 {
  background-color: #7250a1;
  display: block;
  margin: 60px -20px 0 -20px;
}

<div
    class="bp3-navbar emotion-10"
  >
    <div
      class="emotion-2"
    >
      <div
        class="bp3-navbar-group bp3-align-left bp3-dark emotion-1"
      >
        <span
          class="emotion-0"
        >
          Misk
        </span>
      </div>
    </div>
    <div>
      <button
        class="bp3-button emotion-4"
        type="button"
      >
        <span
          class="bp3-button-text"
        >
          <span
            class="bp3-icon bp3-icon-menu emotion-3"
            icon="menu"
          >
            <svg
              data-icon="menu"
              height="32"
              viewBox="0 0 20 20"
              width="32"
            >
              <desc>
                menu
              </desc>
              <path
                d="M1 6h18c.55 0 1-.45 1-1s-.45-1-1-1H1c-.55 0-1 .45-1 1s.45 1 1 1zm18 3H1c-.55 0-1 .45-1 1s.45 1 1 1h18c.55 0 1-.45 1-1s-.45-1-1-1zm0 5H1c-.55 0-1 .45-1 1s.45 1 1 1h18c.55 0 1-.45 1-1s-.45-1-1-1z"
                fill-rule="evenodd"
              />
            </svg>
          </span>
        </span>
      </button>
      <div
        class="emotion-9"
      >
        <div
          class="bp3-collapse"
        >
          <div
            aria-hidden="true"
            class="bp3-collapse-body"
            style="transform: translateY(-0px);"
          >
            <div
              class="emotion-8"
            >
              <div
                class="emotion-2"
              >
                <div
                  class="emotion-6"
                >
                  <div
                    class="emotion-5"
                  >
                    <span>
                      <span />
                    </span>
                  </div>
                </div>
                <span />
              </div>
            </div>
          </div>
        </div>
      </div>
    </div>
    <div />
  </div>
</DocumentFragment>
`;

exports[`Navbar Component Navbar can render with theme override using string 1`] = `
<DocumentFragment>
  .emotion-2 {
  margin: 0 auto;
}

@media (min-width:768px) {
  .emotion-2 {
    width: 750px;
  }
}

@media (min-width:992px) {
  .emotion-2 {
    width: 970px;
  }
}

@media (min-width:1200px) {
  .emotion-2 {
    width: 1170px;
  }
}

.emotion-1 {
  font-size: 13px !important;
  font-weight: 600 !important;
  position: relative;
  padding-top: 25px;
  padding-bottom: 27px;
}

@media (max-width:870px) {
  .emotion-1 {
    padding-left: 60px;
  }
}

@media (min-width:992px) and (max-width:1085px) {
  .emotion-1 {
    padding-left: 60px;
  }
}

@media (min-width:1200px) and (max-width:1285px) {
  .emotion-1 {
    padding-left: 60px;
  }
}

.emotion-0 {
  font-size: 24px !important;
  -webkit-text-decoration: none;
  text-decoration: none;
  text-transform: uppercase;
  -webkit-letter-spacing: 0px;
  -moz-letter-spacing: 0px;
  -ms-letter-spacing: 0px;
  letter-spacing: 0px;
  margin-right: 30px;
  color: #cecece;
  min-width: -webkit-fit-content;
  min-width: -moz-fit-content;
  min-width: fit-content;
}

.emotion-0 a {
  color: #cecece !important;
  -webkit-letter-spacing: 1px;
  -moz-letter-spacing: 1px;
  -ms-letter-spacing: 1px;
  letter-spacing: 1px;
  -webkit-text-decoration: none;
  text-decoration: none;
}

.emotion-0 a:hover {
  color: white !important;
  -webkit-text-decoration: none;
  text-decoration: none;
}

.emotion-3 {
  color: #7a7e82 !important;
}

.emotion-3:hover {
  color: white;
}

.emotion-8 {
  min-height: 250px;
  padding: 50px 0px;
  overflow-y: scroll;
  max-height: 100vh;
}

@media (max-width:768px) {
  .emotion-8 {
    padding: 50px 20px;
  }
}

.emotion-6 {
  display: inline-block;
}

.emotion-5 {
  display: -webkit-box;
  display: -webkit-flex;
  display: -ms-flexbox;
  display: flex;
  -webkit-flex-direction: row;
  -ms-flex-direction: row;
  flex-direction: row;
  -webkit-flex-wrap: wrap;
  -ms-flex-wrap: wrap;
  flex-wrap: wrap;
}

.emotion-5 * {
  -webkit-box-flex: 1;
  -webkit-flex-grow: 1;
  -ms-flex-positive: 1;
  flex-grow: 1;
  overflow: hidden;
  text-overflow: ellipsis;
  white-space: nowrap;
}

.emotion-10 {
  background-color: purple !important;
  padding-top: 10px !important;
  padding-bottom: 60px !important;
  position: fixed !important;
}

.emotion-4 {
  background-color: purple !important;
  box-shadow: none !important;
  background-image: none !important;
  top: 15px;
  left: 15px;
  position: absolute;
  z-index: 1020;
}

.emotion-9 {
  background-color: purple;
  display: block;
  margin: 60px -20px 0 -20px;
}

<div
    class="bp3-navbar emotion-10"
  >
    <div
      class="emotion-2"
    >
      <div
        class="bp3-navbar-group bp3-align-left bp3-dark emotion-1"
      >
        <span
          class="emotion-0"
        >
          Misk
        </span>
      </div>
    </div>
    <div>
      <button
        class="bp3-button emotion-4"
        type="button"
      >
        <span
          class="bp3-button-text"
        >
          <span
            class="bp3-icon bp3-icon-menu emotion-3"
            icon="menu"
          >
            <svg
              data-icon="menu"
              height="32"
              viewBox="0 0 20 20"
              width="32"
            >
              <desc>
                menu
              </desc>
              <path
                d="M1 6h18c.55 0 1-.45 1-1s-.45-1-1-1H1c-.55 0-1 .45-1 1s.45 1 1 1zm18 3H1c-.55 0-1 .45-1 1s.45 1 1 1h18c.55 0 1-.45 1-1s-.45-1-1-1zm0 5H1c-.55 0-1 .45-1 1s.45 1 1 1h18c.55 0 1-.45 1-1s-.45-1-1-1z"
                fill-rule="evenodd"
              />
            </svg>
          </span>
        </span>
      </button>
      <div
        class="emotion-9"
      >
        <div
          class="bp3-collapse"
        >
          <div
            aria-hidden="true"
            class="bp3-collapse-body"
            style="transform: translateY(-0px);"
          >
            <div
              class="emotion-8"
            >
              <div
                class="emotion-2"
              >
                <div
                  class="emotion-6"
                >
                  <div
                    class="emotion-5"
                  >
                    <span>
                      <span />
                    </span>
                  </div>
                </div>
                <span />
              </div>
            </div>
          </div>
        </div>
      </div>
    </div>
    <div />
  </div>
</DocumentFragment>
`;
