// Jest Snapshot v1, https://goo.gl/fbAQLP

exports[`ExampleNetworkContainer ExampleNetworkContainer can render with redux 1`] = `
<DocumentFragment>
  <div>
    <h1
      class="bp3-heading"
    >
      Example Network Component
    </h1>
    <pre
      class="bp3-code-block"
    >
      simpleNetwork: {}
    </pre>
    <pre
      class="bp3-code-block"
    >
      simpleForm:""
    </pre>
    <pre
      class="bp3-code-block"
    >
      url: 
    </pre>
    <div
      class="bp3-input-group"
    >
      <input
        class="bp3-input"
        placeholder="Request URL: http://your.url.com/to/send/a/request/to/"
        style="padding-right: 10px;"
        type="url"
      />
    </div>
    <textarea
      class="bp3-input bp3-fill"
      placeholder="Request Body (JSON or Text)"
    />
    <div
      class="bp3-button-group"
    >
      <button
        class="bp3-button bp3-intent-danger"
        type="button"
      >
        <span
          class="bp3-button-text"
        >
          DELETE
        </span>
      </button>
      <button
        class="bp3-button bp3-intent-success"
        type="button"
      >
        <span
          class="bp3-button-text"
        >
          GET
        </span>
      </button>
      <button
        class="bp3-button"
        type="button"
      >
        <span
          class="bp3-button-text"
        >
          HEAD
        </span>
      </button>
      <button
        class="bp3-button bp3-intent-primary"
        type="button"
      >
        <span
          class="bp3-button-text"
        >
          PATCH
        </span>
      </button>
      <button
        class="bp3-button bp3-intent-primary"
        type="button"
      >
        <span
          class="bp3-button-text"
        >
          POST
        </span>
      </button>
      <button
        class="bp3-button bp3-intent-warning"
        type="button"
      >
        <span
          class="bp3-button-text"
        >
          PUT
        </span>
      </button>
    </div>
  </div>
</DocumentFragment>
`;
