// Jest Snapshot v1, https://goo.gl/fbAQLP

exports[`LoadDataFormContainer LoadDataFormContainer can render with data 1`] = `
<DocumentFragment>
  <div>
    <div
      class="bp3-form-group"
    >
      <div
        class="bp3-form-content"
      >
        <button
          class="bp3-button"
          type="button"
        >
          <span
            class="bp3-button-text"
          >
            Use Example Values
          </span>
        </button>
        <div
          class="bp3-input-group"
        >
          <input
            class="bp3-input"
            placeholder="data endpoint URL (example: https://cashapp.github.io/misk-web/examples/data/demo/cars.json"
            style="padding-right: 10px;"
            type="url"
            value=""
          />
        </div>
        <div
          class="bp3-input-group"
        >
          <input
            class="bp3-input"
            placeholder="network response data object key (example: cars)"
            style="padding-right: 10px;"
            type="text"
            value=""
          />
        </div>
        <button
          class="bp3-button bp3-intent-primary"
          type="button"
        >
          <span
            class="bp3-button-text"
          >
            GET Data
          </span>
        </button>
      </div>
    </div>
  </div>
</DocumentFragment>
`;

exports[`LoadDataFormContainer LoadDataFormContainer can render with redux 1`] = `
<DocumentFragment>
  <div>
    <div
      class="bp3-form-group"
    >
      <div
        class="bp3-form-content"
      >
        <button
          class="bp3-button"
          type="button"
        >
          <span
            class="bp3-button-text"
          >
            Use Example Values
          </span>
        </button>
        <div
          class="bp3-input-group"
        >
          <input
            class="bp3-input"
            placeholder="data endpoint URL (example: https://cashapp.github.io/misk-web/examples/data/demo/cars.json"
            style="padding-right: 10px;"
            type="url"
            value=""
          />
        </div>
        <div
          class="bp3-input-group"
        >
          <input
            class="bp3-input"
            placeholder="network response data object key (example: cars)"
            style="padding-right: 10px;"
            type="text"
            value=""
          />
        </div>
        <button
          class="bp3-button bp3-intent-primary"
          type="button"
        >
          <span
            class="bp3-button-text"
          >
            GET Data
          </span>
        </button>
      </div>
    </div>
  </div>
</DocumentFragment>
`;
