// Jest Snapshot v1, https://goo.gl/fbAQLP

exports[`TabContainer TabContainer can render with redux 1`] = `
<DocumentFragment>
  <div>
    <div>
      <h1
        class="bp3-heading"
      >
        Welcome to your new Misk-Web tab!
      </h1>
      <p>
        Take a look around! There are some 
        <a
          href="https://cashapp.github.io/misk-web/docs/guides/building-a-tab/05-pure-vs-connected"
        >
          pure components and connected containers
        </a>
        , examples of form fields, and network requests.
      </p>
      <p>
        For larger examples, check out the 
        <a
          href="https://github.com/cashapp/misk-web/tree/master/examples/tabs/palette-exemplar"
        >
          palette-exemplar tab in Misk-Web repo
        </a>
        , or play around with the palette-exemplar demo in the 
        <a
          href="https://cashapp.github.io/misk-web/docs/examples/palette-exemplar"
        >
          docs
        </a>
        .
      </p>
      <h3
        class="bp3-heading"
      >
        Good luck building on Misk-Web! See the 
        <a
          href="https://cashapp.github.io/misk-web/"
        >
          docs
        </a>
         or 
        <a
          href="https://github.com/cashapp/misk-web"
        >
          repo
        </a>
         to learn more.
      </h3>
    </div>
    <div>
      <div
        class="bp3-form-group"
      >
        <div
          class="bp3-form-content"
        >
          <button
            class="bp3-button"
            type="button"
          >
            <span
              class="bp3-button-text"
            >
              Use Example Values
            </span>
          </button>
          <div
            class="bp3-input-group"
          >
            <input
              class="bp3-input"
              placeholder="data endpoint URL (example: https://cashapp.github.io/misk-web/examples/data/demo/cars.json"
              style="padding-right: 10px;"
              type="url"
              value=""
            />
          </div>
          <div
            class="bp3-input-group"
          >
            <input
              class="bp3-input"
              placeholder="network response data object key (example: cars)"
              style="padding-right: 10px;"
              type="text"
              value=""
            />
          </div>
          <button
            class="bp3-button bp3-intent-primary"
            type="button"
          >
            <span
              class="bp3-button-text"
            >
              GET Data
            </span>
          </button>
        </div>
      </div>
    </div>
    <div>
      <div
        class="bp3-progress-bar bp3-no-animation"
      >
        <div
          class="bp3-progress-meter"
        />
      </div>
      <table
        class="bp3-html-table bp3-html-table-bordered bp3-html-table-striped"
      >
        <thead>
          <tr>
            <th>
              <p
                class="bp3-skeleton"
              >
                lorem ipsum 1234 5678
              </p>
            </th>
            <th>
              <p
                class="bp3-skeleton"
              >
                lorem ipsum 1234 5678
              </p>
            </th>
            <th>
              <p
                class="bp3-skeleton"
              >
                lorem ipsum 1234 5678
              </p>
            </th>
            <th>
              <p
                class="bp3-skeleton"
              >
                lorem ipsum 1234 5678
              </p>
            </th>
            <th>
              <p
                class="bp3-skeleton"
              >
                lorem ipsum 1234 5678
              </p>
            </th>
          </tr>
        </thead>
        <tbody>
          <tr>
            <td>
              <p
                class="bp3-skeleton"
              >
                lorem ipsum 1234 5678
              </p>
            </td>
            <td>
              <p
                class="bp3-skeleton"
              >
                lorem ipsum 1234 5678
              </p>
            </td>
            <td>
              <p
                class="bp3-skeleton"
              >
                lorem ipsum 1234 5678
              </p>
            </td>
            <td>
              <p
                class="bp3-skeleton"
              >
                lorem ipsum 1234 5678
              </p>
            </td>
            <td>
              <p
                class="bp3-skeleton"
              >
                lorem ipsum 1234 5678
              </p>
            </td>
          </tr>
        </tbody>
      </table>
    </div>
  </div>
</DocumentFragment>
`;
