// Jest Snapshot v1, https://goo.gl/fbAQLP

exports[`HowToComponent HowToComponent can render 1`] = `
<DocumentFragment>
  <div>
    <h1
      class="bp3-heading"
    >
      Welcome to your new Misk-Web tab!
    </h1>
    <p>
      Take a look around! There are some 
      <a
        href="https://cashapp.github.io/misk-web/docs/guides/building-a-tab/05-pure-vs-connected"
      >
        pure components and connected containers
      </a>
      , examples of form fields, and network requests.
    </p>
    <p>
      For larger examples, check out the 
      <a
        href="https://github.com/cashapp/misk-web/tree/master/examples/tabs/palette-exemplar"
      >
        palette-exemplar tab in Misk-Web repo
      </a>
      , or play around with the palette-exemplar demo in the 
      <a
        href="https://cashapp.github.io/misk-web/docs/examples/palette-exemplar"
      >
        docs
      </a>
      .
    </p>
    <h3
      class="bp3-heading"
    >
      Good luck building on Misk-Web! See the 
      <a
        href="https://cashapp.github.io/misk-web/"
      >
        docs
      </a>
       or 
      <a
        href="https://github.com/cashapp/misk-web"
      >
        repo
      </a>
       to learn more.
    </h3>
  </div>
</DocumentFragment>
`;
